<html>
<body>
<pre>
<h1>µVision Build Log</h1>
<h2>Tool Versions:</h2>
IDE-Version: µVision V5.24.2.0
Copyright (C) 2017 ARM Ltd and ARM Germany GmbH. All rights reserved.
License Information: AIT BOUALI Zakaria, Algoria, LIC=4ZLPC-7C8B5-66RQS-LGECF-FZ8PA-S7WDS
 
Tool Versions:
Toolchain:       MDK-ARM Professional  Version: 5.24.1
Toolchain Path:  C:\Keil_v5\ARM\ARMCC\Bin
C Compiler:      Armcc.exe V5.06 update 5 (build 528)
Assembler:       Armasm.exe V5.06 update 5 (build 528)
Linker/Locator:  ArmLink.exe V5.06 update 5 (build 528)
Library Manager: ArmAr.exe V5.06 update 5 (build 528)
Hex Converter:   FromElf.exe V5.06 update 5 (build 528)
CPU DLL:         
Dialog DLL:      DCM.DLL V1.16.0.0
Target DLL:      Segger\JL2CM3.dll V2.99.26.0
Dialog DLL:      TCM.DLL V1.32.0.0
 
<h2>Project:</h2>
C:\Users\Algoria\Desktop\Eddystone final\mbed-os-example-ble-EddystoneService\mbed-os-example-ble-EddystoneService.uvprojx
Project File Date:  01/09/2018

<h2>Output:</h2>
*** Using Compiler 'V5.06 update 5 (build 528)', folder: 'C:\Keil_v5\ARM\ARMCC\Bin'
Build target 'mbed-os-example-ble-EddystoneService'
compiling ATCmdParser.cpp...
compiling btle_discovery.cpp...
compiling btle.cpp...
compiling btle_security_pm.cpp...
mbed-os/features/FEATURE_BLE/targets/TARGET_NORDIC/TARGET_NRF5/source/btle/btle_security_pm.cpp(131): warning:  #111-D: statement is unreachable
      initialized = true;
mbed-os/features/FEATURE_BLE/targets/TARGET_NORDIC/TARGET_NRF5/source/btle/btle_security_pm.cpp: 1 warning, 0 errors
compiling ChainingBlockDevice.cpp...
compiling Dir.cpp...
compiling equeue_mbed.cpp...
compiling EventQueue.cpp...
compiling FATFileSystem.cpp...
compiling FileSystem.cpp...
compiling File.cpp...
compiling FileSystemHandle.cpp...
compiling greentea_test_env.cpp...
compiling greentea_metrics.cpp...
compiling HeapBlockDevice.cpp...
compiling mbed_wait_api_rtos.cpp...
compiling mbed-utest-shim.cpp...
compiling MBRBlockDevice.cpp...
compiling NetworkStack.cpp...
compiling nRF5xGap.cpp...
compiling nRF5xGattServer.cpp...
mbed-os/features/FEATURE_BLE/targets/TARGET_NORDIC/TARGET_NRF5/source/nRF5xGattServer.cpp(792): warning:  #1-D: last line of file ends without a newline
  }
mbed-os/features/FEATURE_BLE/targets/TARGET_NORDIC/TARGET_NRF5/source/nRF5xGattServer.cpp(31): warning:  #177-D: variable "<unnamed>::write_auth_queue_full_reply"  was declared but never referenced
  static const ble_gatts_rw_authorize_reply_params_t write_auth_queue_full_reply = {
mbed-os/features/FEATURE_BLE/targets/TARGET_NORDIC/TARGET_NRF5/source/nRF5xGattServer.cpp: 2 warnings, 0 errors
compiling PPPCellularInterface.cpp...
compiling nRF5xn.cpp...
compiling ProfilingBlockDevice.cpp...
compiling RtosTimer.cpp...
compiling SlicingBlockDevice.cpp...
compiling Socket.cpp...
compiling SocketAddress.cpp...
compiling TCPServer.cpp...
compiling Thread.cpp...
compiling UARTCellularInterface.cpp...
compiling UARTService.cpp...
compiling unity_handler.cpp...
compiling URIBeaconConfigService.cpp...
compiling utest_case.cpp...
compiling utest_default_handlers.cpp...
compiling utest_greentea_handlers.cpp...
compiling utest_harness.cpp...
compiling utest_shim.cpp...
compiling utest_types.cpp...
compiling ConfigParamsPersistence.cpp...
compiling EddystoneService.cpp...
source/EddystoneService.cpp(34): warning:  #1299-D: members and base-classes will be initialized in declaration order, not in member initialisation list order
      ibeaconframe(), 
source/EddystoneService.cpp(82): warning:  #1299-D: members and base-classes will be initialized in declaration order, not in member initialisation list order
      ibeaconframe(),
source/EddystoneService.cpp(85): warning:  #1299-D: members and base-classes will be initialized in declaration order, not in member initialisation list order
      rawUrlFrame(NULL),
source/EddystoneService.cpp(86): warning:  #1299-D: members and base-classes will be initialized in declaration order, not in member initialisation list order
      rawUidFrame(NULL),
source/EddystoneService.cpp(87): warning:  #1299-D: members and base-classes will be initialized in declaration order, not in member initialisation list order
      rawTlmFrame(NULL),
source/EddystoneService.cpp(171): warning:  #940-D: missing return statement at end of non-void function "EddystoneService::startConfigServiceafterdeconnexion" 
  }
source/EddystoneService.cpp(1029): warning:  #1-D: last line of file ends without a newline
  }
source/EddystoneService.cpp: 7 warnings, 0 errors
compiling main.cpp...
source/AuthentificationService.h(130): warning:  #382-D: in-class initializer for nonstatic member is nonstandard
      const  uint16_t UUID_AUTHENTIFICATION_PASS_CHAR  = 0x2A9A;
source/AuthentificationService.h(135): warning:  #382-D: in-class initializer for nonstatic member is nonstandard
    const   uint16_t UUID_AUTHENTIFICATION_SERVICE  = 0x1704;
source/main.cpp(30): warning:  #177-D: variable "CONFIG_ADVERTISEMENT_TIMEOUT_SECONDS"  was declared but never referenced
  static const int CONFIG_ADVERTISEMENT_TIMEOUT_SECONDS = 30;
source/main.cpp: 3 warnings, 0 errors
compiling nrfConfigParamsPersistence.cpp...
linking...
Program Size: Code=110480 RO-data=6428 RW-data=3072 ZI-data=16036  
FromELF: creating hex file...
".\BUILD\mbed-os-example-ble-EddystoneService.axf" - 0 Error(s), 13 Warning(s).

<h2>Software Packages used:</h2>

Package Vendor: NordicSemiconductor
                http://developer.nordicsemi.com/nRF5_SDK/pieces/nRF_DeviceFamilyPack/NordicSemiconductor.nRF_DeviceFamilyPack.8.14.1.pack
                NordicSemiconductor.nRF_DeviceFamilyPack.8.14.1
                Nordic Semiconductor nRF ARM devices Device Family Pack.

<h2>Collection of Component include folders:</h2>
  .\RTE\_mbed-os-example-ble-EddystoneService
  C:\Keil_v5\ARM\PACK\NordicSemiconductor\nRF_DeviceFamilyPack\8.14.1\Device\Include

<h2>Collection of Component Files used:</h2>
Build Time Elapsed:  00:01:22
</pre>
</body>
</html>
